// Jest Snapshot v1, https://goo.gl/fbAQLP

exports[`eslint-8--inline-template-fixer should generate the expected inline template fixer result 1`] = `
"
import { Component } from '@angular/core';

@Component({
  template: \`
    <div></div> <!-- no autofocus -->
    {{ '' }} <!-- no-distracting-elements -->
    <div></div> <!-- table-scope -->
  \`
})
export class TestComponent {}
"
`;

exports[`eslint-8--inline-template-fixer should generate the expected inline template fixer result 2`] = `
{
  "@angular-devkit/build-angular": "^18.X.X",
  "@angular-eslint/builder": "0.0.0-e2e",
  "@angular-eslint/eslint-plugin": "0.0.0-e2e",
  "@angular-eslint/eslint-plugin-template": "0.0.0-e2e",
  "@angular-eslint/schematics": "0.0.0-e2e",
  "@angular-eslint/template-parser": "0.0.0-e2e",
  "@angular/cli": "^18.X.X",
  "@angular/compiler-cli": "^18.X.X",
  "@types/jasmine": "~5.1.0",
  "@typescript-eslint/eslint-plugin": "7.11.0",
  "@typescript-eslint/parser": "7.11.0",
  "eslint": "8.57.0",
  "jasmine-core": "~5.1.0",
  "karma": "~6.4.0",
  "karma-chrome-launcher": "~3.2.0",
  "karma-coverage": "~2.2.0",
  "karma-jasmine": "~5.1.0",
  "karma-jasmine-html-reporter": "~2.1.0",
  "typescript": "~5.X.X"
}
`;
