// Jest Snapshot v1, https://goo.gl/fbAQLP

exports[`new-workspace-create-application-false-project-then-ng-add it should pass linting when ng-add is run before adding a project 1`] = `
{
  "@angular-devkit/build-angular": "^17.X.X",
  "@angular-eslint/builder": "0.0.0-e2e",
  "@angular-eslint/eslint-plugin": "0.0.0-e2e",
  "@angular-eslint/eslint-plugin-template": "0.0.0-e2e",
  "@angular-eslint/schematics": "0.0.0-e2e",
  "@angular-eslint/template-parser": "0.0.0-e2e",
  "@angular/cli": "^17.X.X",
  "@angular/compiler-cli": "^17.X.X",
  "@types/jasmine": "~5.1.0",
  "@typescript-eslint/eslint-plugin": "7.8.0",
  "@typescript-eslint/parser": "7.8.0",
  "eslint": "^8.57.0",
  "jasmine-core": "~5.1.0",
  "karma": "~6.4.0",
  "karma-chrome-launcher": "~3.2.0",
  "karma-coverage": "~2.2.0",
  "karma-jasmine": "~5.1.0",
  "karma-jasmine-html-reporter": "~2.1.0",
  "typescript": "~5.X.X"
}
`;

exports[`new-workspace-create-application-false-project-then-ng-add it should pass linting when ng-add is run before adding a project 2`] = `
"{
  \\"root\\": true,
  \\"ignorePatterns\\": [
    \\"projects/**/*\\"
  ],
  \\"overrides\\": [
    {
      \\"files\\": [
        \\"*.ts\\"
      ],
      \\"extends\\": [
        \\"eslint:recommended\\",
        \\"plugin:@typescript-eslint/recommended\\",
        \\"plugin:@angular-eslint/recommended\\",
        \\"plugin:@angular-eslint/template/process-inline-templates\\"
      ],
      \\"rules\\": {
        \\"@angular-eslint/directive-selector\\": [
          \\"error\\",
          {
            \\"type\\": \\"attribute\\",
            \\"prefix\\": \\"app\\",
            \\"style\\": \\"camelCase\\"
          }
        ],
        \\"@angular-eslint/component-selector\\": [
          \\"error\\",
          {
            \\"type\\": \\"element\\",
            \\"prefix\\": \\"app\\",
            \\"style\\": \\"kebab-case\\"
          }
        ]
      }
    },
    {
      \\"files\\": [
        \\"*.html\\"
      ],
      \\"extends\\": [
        \\"plugin:@angular-eslint/template/recommended\\",
        \\"plugin:@angular-eslint/template/accessibility\\"
      ],
      \\"rules\\": {}
    }
  ]
}
"
`;

exports[`new-workspace-create-application-false-project-then-ng-add it should pass linting when ng-add is run before adding a project 3`] = `
"{
  \\"extends\\": \\"../../.eslintrc.json\\",
  \\"ignorePatterns\\": [
    \\"!**/*\\"
  ],
  \\"overrides\\": [
    {
      \\"files\\": [
        \\"*.ts\\"
      ],
      \\"rules\\": {
        \\"@angular-eslint/directive-selector\\": [
          \\"error\\",
          {
            \\"type\\": \\"attribute\\",
            \\"prefix\\": \\"app\\",
            \\"style\\": \\"camelCase\\"
          }
        ],
        \\"@angular-eslint/component-selector\\": [
          \\"error\\",
          {
            \\"type\\": \\"element\\",
            \\"prefix\\": \\"app\\",
            \\"style\\": \\"kebab-case\\"
          }
        ]
      }
    },
    {
      \\"files\\": [
        \\"*.html\\"
      ],
      \\"rules\\": {}
    }
  ]
}
"
`;

exports[`new-workspace-create-application-false-project-then-ng-add it should pass linting when ng-add is run before adding a project 4`] = `
Object {
  "builder": "@angular-eslint/builder:lint",
  "options": Object {
    "lintFilePatterns": Array [
      "projects/app-project/**/*.ts",
      "projects/app-project/**/*.html",
    ],
  },
}
`;

exports[`new-workspace-create-application-false-project-then-ng-add it should pass linting when ng-add is run before adding a project 5`] = `
"
Linting \\"app-project\\"...

All files pass linting.
"
`;
