// Jest Snapshot v1, https://goo.gl/fbAQLP

exports[`new-workspace-create-application-false-ng-add-then-project it should pass linting when adding a project before running ng-add 2`] = `
{
  "@angular-devkit/build-angular": "^16.X.X",
  "@angular-eslint/builder": "9999.0.1-local-integration-tests",
  "@angular-eslint/eslint-plugin": "9999.0.1-local-integration-tests",
  "@angular-eslint/eslint-plugin-template": "9999.0.1-local-integration-tests",
  "@angular-eslint/schematics": "9999.0.1-local-integration-tests",
  "@angular-eslint/template-parser": "9999.0.1-local-integration-tests",
  "@angular/cli": "~16.X.X",
  "@angular/compiler-cli": "^16.X.X",
  "@types/jasmine": "~4.3.0",
  "@typescript-eslint/eslint-plugin": "5.59.7",
  "@typescript-eslint/parser": "5.59.7",
  "eslint": "^8.40.0",
  "jasmine-core": "~4.6.0",
  "karma": "~6.4.0",
  "karma-chrome-launcher": "~3.2.0",
  "karma-coverage": "~2.2.0",
  "karma-jasmine": "~5.1.0",
  "karma-jasmine-html-reporter": "~2.0.0",
  "typescript": "~5.X.X"
}
`;

exports[`new-workspace-create-application-false-ng-add-then-project it should pass linting when adding a project before running ng-add 3`] = `
Object {
  "ignorePatterns": Array [
    "projects/**/*",
  ],
  "overrides": Array [
    Object {
      "extends": Array [
        "eslint:recommended",
        "plugin:@typescript-eslint/recommended",
        "plugin:@angular-eslint/recommended",
        "plugin:@angular-eslint/template/process-inline-templates",
      ],
      "files": Array [
        "*.ts",
      ],
      "rules": Object {},
    },
    Object {
      "extends": Array [
        "plugin:@angular-eslint/template/recommended",
        "plugin:@angular-eslint/template/accessibility",
      ],
      "files": Array [
        "*.html",
      ],
      "rules": Object {},
    },
  ],
  "root": true,
}
`;

exports[`new-workspace-create-application-false-ng-add-then-project it should pass linting when adding a project before running ng-add 5`] = `
Object {
  "extends": "../../.eslintrc.json",
  "ignorePatterns": Array [
    "!**/*",
  ],
  "overrides": Array [
    Object {
      "files": Array [
        "*.ts",
      ],
      "rules": Object {
        "@angular-eslint/component-selector": Array [
          "error",
          Object {
            "prefix": "app",
            "style": "kebab-case",
            "type": "element",
          },
        ],
        "@angular-eslint/directive-selector": Array [
          "error",
          Object {
            "prefix": "app",
            "style": "camelCase",
            "type": "attribute",
          },
        ],
      },
    },
    Object {
      "files": Array [
        "*.html",
      ],
      "rules": Object {},
    },
  ],
}
`;

exports[`new-workspace-create-application-false-ng-add-then-project it should pass linting when adding a project before running ng-add 6`] = `
Object {
  "builder": "@angular-eslint/builder:lint",
  "options": Object {
    "lintFilePatterns": Array [
      "projects/app-project/**/*.ts",
      "projects/app-project/**/*.html",
    ],
  },
}
`;

exports[`new-workspace-create-application-false-ng-add-then-project it should pass linting when adding a project before running ng-add 7`] = `
"
Linting \\"app-project\\"...

All files pass linting.
"
`;
