// Jest Snapshot v1, https://goo.gl/fbAQLP

exports[`v1014-multi-project-manual-config it should produce the expected lint output 1`] = `
"
Linting \\"v1014-multi-project-manual-config\\"..."
`;
