// Jest Snapshot v1, https://goo.gl/fbAQLP

exports[`v1123-single-project-yarn-auto-convert it should pass linting after converting the out of the box Angular CLI setup (with a custom prefix set) 1`] = `
Object {
  "ignorePatterns": Array [
    "projects/**/*",
  ],
  "overrides": Array [
    Object {
      "extends": Array [
        "plugin:@angular-eslint/ng-cli-compat",
        "plugin:@angular-eslint/ng-cli-compat--formatting-add-on",
        "plugin:@angular-eslint/template/process-inline-templates",
      ],
      "files": Array [
        "*.ts",
      ],
      "parserOptions": Object {
        "createDefaultProgram": true,
        "project": Array [
          "tsconfig.json",
          "e2e/tsconfig.json",
        ],
      },
      "rules": Object {
        "@angular-eslint/component-selector": Array [
          "error",
          Object {
            "prefix": "some-custom-prefix",
            "style": "kebab-case",
            "type": "element",
          },
        ],
        "@angular-eslint/directive-selector": Array [
          "error",
          Object {
            "prefix": "some-custom-prefix",
            "style": "camelCase",
            "type": "attribute",
          },
        ],
      },
    },
    Object {
      "extends": Array [
        "plugin:@angular-eslint/template/recommended",
      ],
      "files": Array [
        "*.html",
      ],
      "rules": Object {},
    },
  ],
  "root": true,
}
`;

exports[`v1123-single-project-yarn-auto-convert it should pass linting after converting the out of the box Angular CLI setup (with a custom prefix set) 2`] = `
Object {
  "builder": "@angular-eslint/builder:lint",
  "options": Object {
    "lintFilePatterns": Array [
      "src/**/*.ts",
      "src/**/*.html",
    ],
  },
}
`;

exports[`v1123-single-project-yarn-auto-convert it should pass linting after converting the out of the box Angular CLI setup (with a custom prefix set) 3`] = `
"
Linting \\"v1123-single-project-yarn-auto-convert\\"...

__ROOT__/v1123-single-project-yarn-auto-convert/src/test.ts
  13:5  error  Member call should be declared before all method definitions  @typescript-eslint/member-ordering

âœ– 1 problem (1 error, 0 warnings)
"
`;
