// Jest Snapshot v1, https://goo.gl/fbAQLP

exports[`convert-tslint-to-eslint default Angular CLI project (i.e. uses a src/ directory at the root of the workspace) should work 1`] = `
Object {
  "ignorePatterns": Array [
    "projects/**/*",
  ],
  "overrides": Array [
    Object {
      "extends": Array [
        "plugin:@angular-eslint/recommended",
        "plugin:@angular-eslint/template/process-inline-templates",
      ],
      "files": Array [
        "*.ts",
      ],
      "parserOptions": Object {
        "createDefaultProgram": true,
        "project": Array [
          "tsconfig.json",
          "e2e/tsconfig.json",
        ],
      },
      "rules": Object {
        "@angular-eslint/component-selector": Array [
          "error",
          Object {
            "prefix": "app",
            "style": "kebab-case",
            "type": "element",
          },
        ],
        "@angular-eslint/directive-selector": Array [
          "error",
          Object {
            "prefix": "app",
            "style": "camelCase",
            "type": "attribute",
          },
        ],
      },
    },
    Object {
      "extends": Array [
        "plugin:@angular-eslint/template/recommended",
      ],
      "files": Array [
        "*.html",
      ],
      "rules": Object {},
    },
  ],
  "root": true,
}
`;
